[0.006s][info][gc] Using Parallel
[1.069s][info][gc] GC(0) Pause Young (Allocation Failure) 3M->1M(11M) 2.180ms
[5.601s][info][gc] GC(1) Pause Young (Allocation Failure) 4M->2M(11M) 1.992ms
[5.654s][info][gc] GC(2) Pause Young (Allocation Failure) 5M->3M(11M) 1.750ms
[5.697s][info][gc] GC(3) Pause Young (Allocation Failure) 6M->3M(11M) 2.453ms
[5.721s][info][gc] GC(4) Pause Young (Allocation Failure) 6M->5M(11M) 2.705ms
[5.852s][info][gc] GC(5) Pause Young (Allocation Failure) 8M->6M(10M) 2.275ms
[5.961s][info][gc] GC(6) Pause Young (Allocation Failure) 8M->6M(11M) 2.342ms
[5.973s][info][gc] GC(7) Pause Full (Ergonomics) 6M->4M(11M) 12.259ms
[6.573s][info][gc] GC(8) Pause Young (Allocation Failure) 6M->4M(11M) 1.819ms
[17.100s][info][gc] GC(9) Pause Young (Allocation Failure) 6M->4M(11M) 1.247ms
[25.119s][info][gc] GC(10) Pause Young (Allocation Failure) 6M->5M(11M) 0.754ms
[39.038s][info][gc] GC(11) Pause Young (Allocation Failure) 7M->5M(11M) 2.076ms
[52.480s][info][gc] GC(12) Pause Young (Allocation Failure) 7M->5M(11M) 0.322ms
[52.483s][info][gc] GC(13) Pause Young (Allocation Failure) 7M->6M(11M) 0.351ms
[52.487s][info][gc] GC(14) Pause Young (Allocation Failure) 8M->6M(11M) 0.363ms
[52.506s][info][gc] GC(15) Pause Full (Ergonomics) 6M->5M(11M) 19.748ms
[52.519s][info][gc] GC(16) Pause Young (Allocation Failure) 7M->6M(11M) 0.401ms
[52.531s][info][gc] GC(17) Pause Young (Allocation Failure) 8M->6M(11M) 0.284ms
[52.534s][info][gc] GC(18) Pause Young (Allocation Failure) 8M->6M(11M) 0.221ms
[52.536s][info][gc] GC(19) Pause Young (Allocation Failure) 8M->6M(11M) 0.244ms
[52.539s][info][gc] GC(20) Pause Young (Allocation Failure) 7M->6M(11M) 0.236ms
[52.541s][info][gc] GC(21) Pause Young (Allocation Failure) 8M->6M(11M) 0.179ms
[52.544s][info][gc] GC(22) Pause Young (Allocation Failure) 8M->6M(11M) 0.269ms
[52.553s][info][gc] GC(23) Pause Full (Ergonomics) 6M->6M(11M) 9.082ms
[52.556s][info][gc] GC(24) Pause Young (Allocation Failure) 8M->6M(11M) 0.230ms
[52.558s][info][gc] GC(25) Pause Young (Allocation Failure) 8M->6M(11M) 0.229ms
[52.561s][info][gc] GC(26) Pause Young (Allocation Failure) 8M->6M(11M) 0.209ms
[52.563s][info][gc] GC(27) Pause Young (Allocation Failure) 8M->6M(11M) 0.184ms
[52.566s][info][gc] GC(28) Pause Young (Allocation Failure) 8M->7M(11M) 0.225ms
[57.044s][info][gc] GC(29) Pause Young (Allocation Failure) 9M->6M(11M) 1.546ms
[75.109s][info][gc] GC(30) Pause Young (Allocation Failure) 8M->6M(11M) 0.449ms
[86.861s][info][gc] GC(31) Pause Young (Allocation Failure) 8M->6M(11M) 0.248ms
[96.128s][info][gc] GC(32) Pause Young (Allocation Failure) 8M->7M(11M) 0.544ms
[96.142s][info][gc] GC(33) Pause Full (Ergonomics) 7M->4M(11M) 13.840ms
[101.863s][info][gc] GC(34) Pause Young (Allocation Failure) 5M->4M(11M) 0.595ms
[112.138s][info][gc] GC(35) Pause Young (Allocation Failure) 6M->5M(11M) 0.499ms
[131.150s][info][gc] GC(36) Pause Young (Allocation Failure) 7M->5M(11M) 0.373ms
[150.101s][info][gc] GC(37) Pause Young (Allocation Failure) 7M->5M(11M) 0.226ms
[169.170s][info][gc] GC(38) Pause Young (Allocation Failure) 7M->5M(11M) 0.323ms
[189.180s][info][gc] GC(39) Pause Young (Allocation Failure) 7M->5M(11M) 0.315ms
[209.193s][info][gc] GC(40) Pause Young (Allocation Failure) 7M->5M(11M) 0.307ms
[227.043s][info][gc] GC(41) Pause Young (Allocation Failure) 7M->5M(11M) 0.232ms
[237.214s][info][gc] GC(42) Pause Young (Allocation Failure) 7M->6M(11M) 0.370ms
[237.227s][info][gc] GC(43) Pause Full (Ergonomics) 6M->4M(11M) 13.177ms
[241.353s][info][gc] GC(44) Pause Young (Allocation Failure) 5M->4M(11M) 0.508ms
[252.229s][info][gc] GC(45) Pause Young (Allocation Failure) 6M->5M(11M) 0.509ms
[271.249s][info][gc] GC(46) Pause Young (Allocation Failure) 7M->5M(11M) 0.530ms
