[0.005s][info][gc] Using Parallel
[1.036s][info][gc] GC(0) Pause Young (Allocation Failure) 3M->1M(11M) 3.690ms
[3.722s][info][gc] GC(1) Pause Young (Allocation Failure) 4M->2M(11M) 2.321ms
[3.776s][info][gc] GC(2) Pause Young (Allocation Failure) 5M->3M(11M) 1.791ms
[3.822s][info][gc] GC(3) Pause Young (Allocation Failure) 6M->3M(11M) 2.404ms
[3.847s][info][gc] GC(4) Pause Young (Allocation Failure) 6M->5M(11M) 2.932ms
[4.005s][info][gc] GC(5) Pause Young (Allocation Failure) 8M->6M(10M) 2.683ms
[4.132s][info][gc] GC(6) Pause Young (Allocation Failure) 8M->6M(11M) 2.773ms
[4.145s][info][gc] GC(7) Pause Full (Ergonomics) 6M->4M(11M) 12.940ms
[5.212s][info][gc] GC(8) Pause Young (Allocation Failure) 6M->4M(11M) 0.692ms
[16.243s][info][gc] GC(9) Pause Young (Allocation Failure) 6M->4M(11M) 0.987ms
[33.227s][info][gc] GC(10) Pause Young (Allocation Failure) 6M->4M(11M) 1.248ms
[50.262s][info][gc] GC(11) Pause Young (Allocation Failure) 6M->4M(11M) 0.539ms
[69.282s][info][gc] GC(12) Pause Young (Allocation Failure) 6M->4M(11M) 0.310ms
[85.077s][info][gc] GC(13) Pause Young (Allocation Failure) 6M->4M(11M) 0.297ms
[94.314s][info][gc] GC(14) Pause Young (Allocation Failure) 6M->5M(11M) 1.147ms
[105.857s][info][gc] GC(15) Pause Young (Allocation Failure) 6M->5M(11M) 0.244ms
[105.862s][info][gc] GC(16) Pause Young (Allocation Failure) 7M->6M(11M) 0.405ms
[105.868s][info][gc] GC(17) Pause Young (Allocation Failure) 8M->6M(11M) 0.402ms
[105.888s][info][gc] GC(18) Pause Full (Ergonomics) 6M->5M(11M) 19.811ms
[105.892s][info][gc] GC(19) Pause Young (Allocation Failure) 7M->6M(11M) 0.479ms
[105.895s][info][gc] GC(20) Pause Young (Allocation Failure) 8M->6M(11M) 0.244ms
[105.897s][info][gc] GC(21) Pause Young (Allocation Failure) 8M->6M(11M) 0.241ms
[105.900s][info][gc] GC(22) Pause Young (Allocation Failure) 8M->6M(11M) 0.193ms
[105.903s][info][gc] GC(23) Pause Young (Allocation Failure) 7M->6M(11M) 0.185ms
[105.905s][info][gc] GC(24) Pause Young (Allocation Failure) 8M->6M(11M) 0.217ms
[105.908s][info][gc] GC(25) Pause Young (Allocation Failure) 8M->6M(11M) 0.268ms
[105.911s][info][gc] GC(26) Pause Young (Allocation Failure) 8M->6M(11M) 0.224ms
[105.914s][info][gc] GC(27) Pause Young (Allocation Failure) 8M->6M(11M) 0.275ms
[105.917s][info][gc] GC(28) Pause Young (Allocation Failure) 8M->7M(11M) 0.229ms
[105.927s][info][gc] GC(29) Pause Full (Ergonomics) 7M->6M(11M) 9.748ms
[105.929s][info][gc] GC(30) Pause Young (Allocation Failure) 8M->6M(11M) 0.202ms
[105.932s][info][gc] GC(31) Pause Young (Allocation Failure) 8M->7M(11M) 0.204ms
[110.311s][info][gc] GC(32) Pause Young (Allocation Failure) 9M->6M(11M) 0.421ms
[129.324s][info][gc] GC(33) Pause Young (Allocation Failure) 8M->6M(11M) 1.335ms
[147.338s][info][gc] GC(34) Pause Young (Allocation Failure) 8M->6M(11M) 0.335ms
[160.950s][info][gc] GC(35) Pause Young (Allocation Failure) 8M->6M(11M) 0.204ms
[170.426s][info][gc] GC(36) Pause Young (Allocation Failure) 8M->7M(11M) 0.455ms
[180.391s][info][gc] GC(37) Pause Young (Allocation Failure) 9M->8M(11M) 0.825ms
[180.405s][info][gc] GC(38) Pause Full (Ergonomics) 8M->5M(11M) 13.176ms
[194.400s][info][gc] GC(39) Pause Young (Allocation Failure) 7M->5M(11M) 0.487ms
[213.418s][info][gc] GC(40) Pause Young (Allocation Failure) 7M->5M(11M) 0.426ms
[233.437s][info][gc] GC(41) Pause Young (Allocation Failure) 7M->5M(11M) 0.273ms
[253.460s][info][gc] GC(42) Pause Young (Allocation Failure) 7M->5M(11M) 0.292ms
[273.417s][info][gc] GC(43) Pause Young (Allocation Failure) 7M->5M(11M) 0.307ms
[292.507s][info][gc] GC(44) Pause Young (Allocation Failure) 7M->5M(11M) 0.391ms
[311.532s][info][gc] GC(45) Pause Young (Allocation Failure) 7M->5M(11M) 0.667ms
[321.543s][info][gc] GC(46) Pause Young (Allocation Failure) 7M->6M(11M) 0.408ms
[341.564s][info][gc] GC(47) Pause Young (Allocation Failure) 8M->6M(11M) 0.272ms
[351.569s][info][gc] GC(48) Pause Young (Allocation Failure) 8M->7M(11M) 0.261ms
[371.584s][info][gc] GC(49) Pause Young (Allocation Failure) 9M->7M(11M) 0.291ms
[391.603s][info][gc] GC(50) Pause Young (Allocation Failure) 9M->7M(11M) 0.287ms
[411.515s][info][gc] GC(51) Pause Young (Allocation Failure) 9M->7M(11M) 0.336ms
[431.522s][info][gc] GC(52) Pause Young (Allocation Failure) 9M->7M(11M) 0.207ms
[450.657s][info][gc] GC(53) Pause Young (Allocation Failure) 9M->7M(11M) 0.256ms
[470.676s][info][gc] GC(54) Pause Young (Allocation Failure) 9M->7M(11M) 0.210ms
[490.704s][info][gc] GC(55) Pause Young (Allocation Failure) 9M->7M(11M) 0.278ms
[510.739s][info][gc] GC(56) Pause Young (Allocation Failure) 9M->7M(11M) 0.215ms
[530.758s][info][gc] GC(57) Pause Young (Allocation Failure) 9M->7M(11M) 0.214ms
[550.776s][info][gc] GC(58) Pause Young (Allocation Failure) 9M->7M(11M) 0.333ms
[570.799s][info][gc] GC(59) Pause Young (Allocation Failure) 9M->7M(11M) 0.791ms
[591.810s][info][gc] GC(60) Pause Young (Allocation Failure) 9M->7M(11M) 0.260ms
[611.830s][info][gc] GC(61) Pause Young (Allocation Failure) 9M->7M(11M) 0.434ms
[631.859s][info][gc] GC(62) Pause Young (Allocation Failure) 9M->7M(11M) 0.238ms
[652.623s][info][gc] GC(63) Pause Young (Allocation Failure) 9M->7M(11M) 0.632ms
[672.897s][info][gc] GC(64) Pause Young (Allocation Failure) 9M->7M(11M) 0.268ms
[692.916s][info][gc] GC(65) Pause Young (Allocation Failure) 9M->7M(11M) 0.894ms
[718.653s][info][gc] GC(66) Pause Young (Allocation Failure) 9M->7M(11M) 0.287ms
[743.964s][info][gc] GC(67) Pause Young (Allocation Failure) 9M->7M(11M) 0.294ms
[774.994s][info][gc] GC(68) Pause Young (Allocation Failure) 10M->7M(11M) 0.595ms
[805.745s][info][gc] GC(69) Pause Young (Allocation Failure) 10M->7M(11M) 0.759ms
[836.056s][info][gc] GC(70) Pause Young (Allocation Failure) 10M->7M(11M) 0.270ms
