[0.005s][info][gc] Using G1
[5.011s][info][gc] GC(0) Pause Young (Normal) (G1 Evacuation Pause) 4M->2M(12M) 3.388ms
[5.042s][info][gc] GC(1) Pause Young (Normal) (G1 Evacuation Pause) 3M->2M(12M) 2.138ms
[5.060s][info][gc] GC(2) Pause Young (Normal) (G1 Evacuation Pause) 3M->2M(12M) 1.088ms
[5.097s][info][gc] GC(3) Pause Young (Normal) (G1 Evacuation Pause) 4M->2M(12M) 0.961ms
[5.144s][info][gc] GC(4) Pause Young (Normal) (G1 Evacuation Pause) 4M->3M(12M) 1.693ms
[5.173s][info][gc] GC(5) Pause Young (Normal) (G1 Evacuation Pause) 6M->4M(12M) 2.221ms
[5.192s][info][gc] GC(6) Pause Young (Normal) (G1 Evacuation Pause) 6M->5M(12M) 2.108ms
[5.216s][info][gc] GC(7) Pause Young (Normal) (G1 Evacuation Pause) 6M->5M(12M) 1.199ms
[5.284s][info][gc] GC(8) Pause Young (Normal) (G1 Evacuation Pause) 6M->5M(12M) 1.147ms
[5.316s][info][gc] GC(9) Pause Young (Normal) (G1 Evacuation Pause) 6M->5M(12M) 1.346ms
[5.396s][info][gc] GC(10) Pause Young (Concurrent Start) (G1 Evacuation Pause) 6M->6M(12M) 1.445ms
[5.396s][info][gc] GC(11) Concurrent Mark Cycle
[5.403s][info][gc] GC(11) Pause Remark 6M->6M(12M) 1.616ms
[5.405s][info][gc] GC(11) Pause Cleanup 6M->6M(12M) 0.020ms
[5.405s][info][gc] GC(11) Concurrent Mark Cycle 8.571ms
[5.437s][info][gc] GC(12) Pause Young (Prepare Mixed) (G1 Evacuation Pause) 7M->6M(12M) 1.966ms
[5.458s][info][gc] GC(13) Pause Young (Mixed) (G1 Evacuation Pause) 7M->4M(12M) 1.743ms
[8.500s][info][gc] GC(14) Pause Young (Normal) (G1 Evacuation Pause) 6M->5M(12M) 5.513ms
[20.522s][info][gc] GC(15) Pause Young (Normal) (G1 Evacuation Pause) 7M->5M(12M) 1.427ms
[26.825s][info][gc] GC(16) Pause Young (Concurrent Start) (G1 Humongous Allocation) 5M->4M(12M) 1.349ms
[26.825s][info][gc] GC(17) Concurrent Undo Cycle
[26.825s][info][gc] GC(17) Concurrent Undo Cycle 0.068ms
[45.507s][info][gc] GC(18) Pause Young (Normal) (G1 Evacuation Pause) 7M->5M(12M) 1.619ms
[50.987s][info][gc] GC(19) Pause Young (Concurrent Start) (G1 Humongous Allocation) 6M->5M(12M) 1.287ms
[50.987s][info][gc] GC(20) Concurrent Mark Cycle
[50.997s][info][gc] GC(20) Pause Remark 8M->8M(12M) 3.233ms
[51.000s][info][gc] GC(21) Pause Young (Normal) (G1 Evacuation Pause) 8M->6M(12M) 1.573ms
[51.003s][info][gc] GC(20) Pause Cleanup 7M->7M(12M) 0.135ms
[51.003s][info][gc] GC(20) Concurrent Mark Cycle 16.088ms
[51.009s][info][gc] GC(22) Pause Young (Prepare Mixed) (G1 Evacuation Pause) 7M->6M(12M) 1.265ms
[51.019s][info][gc] GC(23) Pause Young (Mixed) (G1 Evacuation Pause) 7M->6M(12M) 1.822ms
[51.025s][info][gc] GC(24) Pause Young (Concurrent Start) (G1 Evacuation Pause) 7M->6M(12M) 1.248ms
[51.025s][info][gc] GC(25) Concurrent Mark Cycle
[51.027s][info][gc] GC(26) Pause Young (Normal) (G1 Evacuation Pause) 7M->6M(12M) 1.177ms
[51.031s][info][gc] GC(27) Pause Young (Normal) (G1 Evacuation Pause) 7M->6M(12M) 1.037ms
[51.034s][info][gc] GC(28) Pause Young (Normal) (G1 Evacuation Pause) 7M->6M(12M) 1.018ms
[51.036s][info][gc] GC(29) Pause Young (Normal) (G1 Evacuation Pause) 7M->6M(12M) 0.947ms
[51.038s][info][gc] GC(25) Pause Remark 6M->6M(12M) 1.975ms
[51.040s][info][gc] GC(30) Pause Young (Normal) (G1 Evacuation Pause) 7M->6M(12M) 0.959ms
[51.043s][info][gc] GC(31) Pause Young (Normal) (G1 Evacuation Pause) 7M->6M(12M) 0.794ms
[51.043s][info][gc] GC(25) Pause Cleanup 6M->6M(12M) 0.015ms
[51.043s][info][gc] GC(25) Concurrent Mark Cycle 17.817ms
[51.045s][info][gc] GC(32) Pause Young (Normal) (G1 Evacuation Pause) 7M->6M(12M) 0.865ms
[51.047s][info][gc] GC(33) Pause Young (Concurrent Start) (G1 Evacuation Pause) 7M->6M(12M) 0.618ms
[51.047s][info][gc] GC(34) Concurrent Mark Cycle
[51.049s][info][gc] GC(35) Pause Young (Normal) (G1 Evacuation Pause) 7M->6M(12M) 0.563ms
[51.051s][info][gc] GC(36) Pause Young (Normal) (G1 Evacuation Pause) 7M->6M(12M) 0.575ms
[51.052s][info][gc] GC(37) Pause Young (Normal) (G1 Evacuation Pause) 7M->6M(12M) 0.316ms
[51.054s][info][gc] GC(38) Pause Young (Normal) (G1 Evacuation Pause) 7M->7M(12M) 0.352ms
[51.058s][info][gc] GC(34) Pause Remark 7M->7M(12M) 3.229ms
[51.059s][info][gc] GC(39) Pause Young (Normal) (G1 Evacuation Pause) 7M->7M(12M) 0.375ms
[51.061s][info][gc] GC(40) Pause Young (Normal) (G1 Evacuation Pause) 8M->7M(12M) 0.226ms
[51.062s][info][gc] GC(34) Pause Cleanup 8M->8M(12M) 0.018ms
[51.062s][info][gc] GC(41) Pause Young (Normal) (G1 Evacuation Pause) 8M->7M(12M) 0.216ms
[51.063s][info][gc] GC(34) Concurrent Mark Cycle 15.597ms
[51.064s][info][gc] GC(42) Pause Young (Normal) (G1 Evacuation Pause) 8M->7M(12M) 0.231ms
[51.065s][info][gc] GC(43) Pause Young (Concurrent Start) (G1 Evacuation Pause) 8M->7M(12M) 0.366ms
[51.065s][info][gc] GC(44) Concurrent Mark Cycle
[51.067s][info][gc] GC(45) Pause Young (Normal) (G1 Evacuation Pause) 8M->7M(12M) 0.186ms
[51.068s][info][gc] GC(46) Pause Young (Normal) (G1 Evacuation Pause) 8M->7M(12M) 0.191ms
[51.070s][info][gc] GC(47) Pause Young (Normal) (G1 Evacuation Pause) 8M->7M(12M) 0.246ms
[51.071s][info][gc] GC(48) Pause Young (Normal) (G1 Evacuation Pause) 8M->7M(12M) 0.349ms
[51.075s][info][gc] GC(44) Pause Remark 8M->8M(12M) 2.420ms
[51.078s][info][gc] GC(44) Pause Cleanup 9M->9M(12M) 0.029ms
[51.078s][info][gc] GC(44) Concurrent Mark Cycle 12.568ms
[51.514s][info][gc] GC(49) Pause Young (Normal) (G1 Evacuation Pause) 9M->5M(12M) 1.509ms
[64.582s][info][gc] GC(50) Pause Young (Concurrent Start) (G1 Evacuation Pause) 7M->6M(12M) 1.361ms
[64.582s][info][gc] GC(51) Concurrent Mark Cycle
[64.593s][info][gc] GC(51) Pause Remark 6M->6M(12M) 2.655ms
[64.598s][info][gc] GC(51) Pause Cleanup 6M->6M(12M) 0.116ms
[64.598s][info][gc] GC(51) Concurrent Mark Cycle 16.608ms
[71.345s][info][gc] GC(52) Pause Young (Concurrent Start) (G1 Humongous Allocation) 6M->5M(12M) 0.702ms
[71.345s][info][gc] GC(53) Concurrent Mark Cycle
[71.354s][info][gc] GC(53) Pause Remark 6M->6M(12M) 1.977ms
[71.357s][info][gc] GC(53) Pause Cleanup 6M->6M(12M) 0.129ms
[71.357s][info][gc] GC(53) Concurrent Mark Cycle 12.045ms
[89.597s][info][gc] GC(54) Pause Young (Normal) (G1 Evacuation Pause) 8M->5M(12M) 1.407ms
[90.085s][info][gc] GC(55) Pause Young (Concurrent Start) (G1 Humongous Allocation) 6M->5M(12M) 0.793ms
[90.085s][info][gc] GC(56) Concurrent Mark Cycle
[90.094s][info][gc] GC(56) Pause Remark 6M->6M(12M) 2.132ms
[90.097s][info][gc] GC(56) Pause Cleanup 6M->6M(12M) 0.095ms
[90.097s][info][gc] GC(56) Concurrent Mark Cycle 11.933ms
[107.699s][info][gc] GC(57) Pause Young (Normal) (G1 Evacuation Pause) 8M->6M(12M) 1.145ms
[117.600s][info][gc] GC(58) Pause Young (Concurrent Start) (G1 Evacuation Pause) 7M->6M(12M) 1.151ms
[117.600s][info][gc] GC(59) Concurrent Mark Cycle
[117.609s][info][gc] GC(59) Pause Remark 6M->6M(12M) 2.288ms
[117.612s][info][gc] GC(59) Pause Cleanup 6M->6M(12M) 0.098ms
[117.612s][info][gc] GC(59) Concurrent Mark Cycle 11.794ms
[127.632s][info][gc] GC(60) Pause Young (Normal) (G1 Evacuation Pause) 7M->6M(12M) 0.893ms
[135.824s][info][gc] GC(61) Pause Young (Concurrent Start) (G1 Evacuation Pause) 7M->6M(12M) 1.231ms
[135.824s][info][gc] GC(62) Concurrent Mark Cycle
[135.833s][info][gc] GC(62) Pause Remark 6M->6M(12M) 2.100ms
[135.836s][info][gc] GC(62) Pause Cleanup 6M->6M(12M) 0.060ms
[135.836s][info][gc] GC(62) Concurrent Mark Cycle 12.004ms
[145.652s][info][gc] GC(63) Pause Young (Normal) (G1 Evacuation Pause) 7M->6M(12M) 0.925ms
[155.688s][info][gc] GC(64) Pause Young (Concurrent Start) (G1 Evacuation Pause) 7M->6M(12M) 0.818ms
[155.688s][info][gc] GC(65) Concurrent Mark Cycle
[155.696s][info][gc] GC(65) Pause Remark 7M->7M(12M) 1.889ms
[155.699s][info][gc] GC(65) Pause Cleanup 7M->7M(12M) 0.030ms
[155.699s][info][gc] GC(65) Concurrent Mark Cycle 11.109ms
[164.696s][info][gc] GC(66) Pause Young (Normal) (G1 Evacuation Pause) 7M->6M(12M) 0.804ms
[174.706s][info][gc] GC(67) Pause Young (Concurrent Start) (G1 Evacuation Pause) 7M->6M(12M) 1.029ms
[174.706s][info][gc] GC(68) Concurrent Mark Cycle
[174.714s][info][gc] GC(68) Pause Remark 7M->7M(12M) 1.939ms
[174.717s][info][gc] GC(68) Pause Cleanup 7M->7M(12M) 0.083ms
[174.717s][info][gc] GC(68) Concurrent Mark Cycle 11.566ms
[184.039s][info][gc] GC(69) Pause Young (Normal) (G1 Evacuation Pause) 7M->6M(12M) 0.861ms
[193.733s][info][gc] GC(70) Pause Young (Concurrent Start) (G1 Evacuation Pause) 7M->6M(12M) 0.600ms
[193.733s][info][gc] GC(71) Concurrent Mark Cycle
[193.742s][info][gc] GC(71) Pause Remark 7M->7M(12M) 2.047ms
[193.745s][info][gc] GC(71) Pause Cleanup 7M->7M(12M) 0.090ms
[193.745s][info][gc] GC(71) Concurrent Mark Cycle 11.754ms
[203.742s][info][gc] GC(72) Pause Young (Normal) (G1 Evacuation Pause) 7M->6M(12M) 0.902ms
[212.768s][info][gc] GC(73) Pause Young (Concurrent Start) (G1 Evacuation Pause) 7M->5M(12M) 2.643ms
[212.768s][info][gc] GC(74) Concurrent Mark Cycle
[212.807s][info][gc] GC(74) Pause Remark 6M->6M(12M) 13.206ms
[212.814s][info][gc] GC(74) Pause Cleanup 6M->6M(12M) 0.054ms
[212.814s][info][gc] GC(74) Concurrent Mark Cycle 46.398ms
[231.779s][info][gc] GC(75) Pause Young (Normal) (G1 Evacuation Pause) 7M->5M(12M) 1.424ms
[236.775s][info][gc] GC(76) Pause Young (Concurrent Start) (G1 Humongous Allocation) 6M->5M(12M) 0.749ms
[236.775s][info][gc] GC(77) Concurrent Mark Cycle
[236.784s][info][gc] GC(77) Pause Remark 7M->7M(12M) 3.086ms
[236.788s][info][gc] GC(77) Pause Cleanup 7M->7M(12M) 0.051ms
[236.788s][info][gc] GC(77) Concurrent Mark Cycle 13.194ms
[243.073s][info][gc] GC(78) Pause Young (Concurrent Start) (G1 Humongous Allocation) 7M->5M(12M) 0.727ms
[243.073s][info][gc] GC(79) Concurrent Mark Cycle
[243.083s][info][gc] GC(79) Pause Remark 6M->6M(12M) 3.107ms
[243.086s][info][gc] GC(79) Pause Cleanup 6M->6M(12M) 0.084ms
[243.086s][info][gc] GC(79) Concurrent Mark Cycle 13.555ms
[257.800s][info][gc] GC(80) Pause Young (Normal) (G1 Evacuation Pause) 8M->7M(12M) 1.091ms
[267.803s][info][gc] GC(81) Pause Young (Concurrent Start) (G1 Evacuation Pause) 8M->6M(12M) 0.507ms
[267.803s][info][gc] GC(82) Concurrent Mark Cycle
[267.813s][info][gc] GC(82) Pause Remark 6M->6M(12M) 3.106ms
[267.816s][info][gc] GC(82) Pause Cleanup 6M->6M(12M) 0.065ms
[267.816s][info][gc] GC(82) Concurrent Mark Cycle 13.088ms
