[0.012s][info][gc] Using Serial
[5.205s][info][gc] GC(0) Pause Young (Allocation Failure) 4M->2M(15M) 6.900ms
[5.366s][info][gc] GC(1) Pause Young (Allocation Failure) 6M->2M(15M) 4.830ms
[5.490s][info][gc] GC(2) Pause Young (Allocation Failure) 7M->4M(15M) 6.994ms
[5.768s][info][gc] GC(3) Pause Young (Allocation Failure) 8M->4M(15M) 3.690ms
[6.089s][info][gc] GC(4) Pause Young (Allocation Failure) 8M->5M(15M) 7.526ms
[21.205s][info][gc] GC(5) Pause Young (Allocation Failure) 9M->5M(15M) 4.499ms
[65.236s][info][gc] GC(6) Pause Young (Allocation Failure) 9M->5M(15M) 1.520ms
[100.546s][info][gc] GC(7) Pause Young (Allocation Failure) 9M->6M(15M) 1.175ms
[100.581s][info][gc] GC(8) Pause Young (Allocation Failure) 10M->8M(15M) 4.942ms
[100.604s][info][gc] GC(9) Pause Young (Allocation Failure) 12M->10M(15M) 4.576ms
[100.620s][info][gc] GC(10) Pause Young (Allocation Failure) 14M->14M(15M) 0.052ms
[100.649s][info][gc] GC(11) Pause Full (Allocation Failure) 14M->8M(15M) 28.896ms
[134.320s][info][gc] GC(12) Pause Young (Allocation Failure) 12M->12M(15M) 0.145ms
[134.341s][info][gc] GC(13) Pause Full (Allocation Failure) 12M->4M(15M) 20.661ms
[170.522s][info][gc] GC(14) Pause Young (Allocation Failure) 9M->4M(15M) 0.872ms
[170.526s][info][gc] GC(15) Pause Young (Allocation Failure) 9M->5M(15M) 0.757ms
[170.530s][info][gc] GC(16) Pause Young (Allocation Failure) 9M->6M(15M) 0.859ms
[170.533s][info][gc] GC(17) Pause Young (Allocation Failure) 10M->8M(15M) 0.928ms
[170.534s][info][gc] GC(18) Pause Young (Allocation Failure) 11M->11M(15M) 0.085ms
[170.559s][info][gc] GC(19) Pause Full (Allocation Failure) 11M->6M(15M) 24.008ms
[191.371s][info][gc] GC(20) Pause Young (Allocation Failure) 10M->8M(15M) 1.852ms
[238.404s][info][gc] GC(21) Pause Young (Allocation Failure) 12M->12M(15M) 0.044ms
[238.424s][info][gc] GC(22) Pause Full (Allocation Failure) 12M->4M(15M) 19.076ms
[285.442s][info][gc] GC(23) Pause Young (Allocation Failure) 8M->4M(15M) 1.238ms
[287.827s][info][gc] GC(24) Pause Young (Allocation Failure) 8M->6M(15M) 4.359ms
[287.853s][info][gc] GC(25) Pause Young (Allocation Failure) 10M->8M(15M) 4.592ms
[287.867s][info][gc] GC(26) Pause Young (Allocation Failure) 13M->13M(15M) 0.054ms
[287.895s][info][gc] GC(27) Pause Full (Allocation Failure) 13M->8M(15M) 28.052ms
[287.913s][info][gc] GC(28) Pause Young (Allocation Failure) 12M->12M(15M) 0.048ms
[287.935s][info][gc] GC(29) Pause Full (Allocation Failure) 12M->7M(15M) 22.437ms
[287.958s][info][gc] GC(30) Pause Young (Allocation Failure) 11M->9M(15M) 5.567ms
[287.971s][info][gc] GC(31) Pause Young (Allocation Failure) 14M->14M(15M) 0.052ms
[287.997s][info][gc] GC(32) Pause Full (Allocation Failure) 14M->8M(15M) 26.216ms
[307.633s][info][gc] GC(33) Pause Young (Allocation Failure) 12M->12M(15M) 0.210ms
[307.666s][info][gc] GC(34) Pause Full (Allocation Failure) 12M->5M(15M) 32.567ms
[343.259s][info][gc] GC(35) Pause Young (Allocation Failure) 9M->6M(15M) 2.516ms
[343.276s][info][gc] GC(36) Pause Young (Allocation Failure) 10M->8M(15M) 4.660ms
[343.289s][info][gc] GC(37) Pause Young (Allocation Failure) 12M->12M(15M) 0.051ms
[343.316s][info][gc] GC(38) Pause Full (Allocation Failure) 12M->8M(15M) 26.964ms
[343.333s][info][gc] GC(39) Pause Young (Allocation Failure) 12M->12M(15M) 0.064ms
[343.354s][info][gc] GC(40) Pause Full (Allocation Failure) 12M->7M(15M) 21.366ms
[343.367s][info][gc] GC(41) Pause Young (Allocation Failure) 11M->9M(15M) 4.604ms
[343.374s][info][gc] GC(42) Pause Young (Allocation Failure) 14M->14M(15M) 0.047ms
[343.398s][info][gc] GC(43) Pause Full (Allocation Failure) 14M->8M(15M) 23.446ms
[343.405s][info][gc] GC(44) Pause Young (Allocation Failure) 12M->12M(15M) 0.052ms
[343.425s][info][gc] GC(45) Pause Full (Allocation Failure) 12M->6M(15M) 19.788ms
[371.791s][info][gc] GC(46) Pause Young (Allocation Failure) 11M->7M(15M) 2.376ms
[419.587s][info][gc] GC(47) Pause Young (Allocation Failure) 11M->7M(15M) 2.601ms
[460.048s][info][gc] GC(48) Pause Young (Allocation Failure) 11M->7M(15M) 1.071ms
[460.059s][info][gc] GC(49) Pause Young (Allocation Failure) 11M->10M(15M) 3.927ms
[460.066s][info][gc] GC(50) Pause Young (Allocation Failure) 14M->14M(15M) 0.061ms
[460.094s][info][gc] GC(51) Pause Full (Allocation Failure) 14M->8M(15M) 27.814ms
[460.102s][info][gc] GC(52) Pause Young (Allocation Failure) 12M->12M(15M) 0.052ms
[460.123s][info][gc] GC(53) Pause Full (Allocation Failure) 12M->7M(15M) 21.560ms
[460.132s][info][gc] GC(54) Pause Young (Allocation Failure) 12M->12M(15M) 0.047ms
[460.153s][info][gc] GC(55) Pause Full (Allocation Failure) 12M->7M(15M) 20.944ms
[460.165s][info][gc] GC(56) Pause Young (Allocation Failure) 11M->9M(15M) 4.646ms
[460.172s][info][gc] GC(57) Pause Young (Allocation Failure) 14M->14M(15M) 0.102ms
[460.195s][info][gc] GC(58) Pause Full (Allocation Failure) 14M->7M(15M) 23.012ms
[460.202s][info][gc] GC(59) Pause Young (Allocation Failure) 11M->11M(15M) 0.063ms
[460.223s][info][gc] GC(60) Pause Full (Allocation Failure) 11M->7M(15M) 20.530ms
[460.235s][info][gc] GC(61) Pause Young (Allocation Failure) 11M->9M(15M) 4.631ms
[460.242s][info][gc] GC(62) Pause Young (Allocation Failure) 14M->14M(15M) 0.043ms
[460.265s][info][gc] GC(63) Pause Full (Allocation Failure) 14M->8M(15M) 23.691ms
[460.273s][info][gc] GC(64) Pause Young (Allocation Failure) 12M->12M(15M) 0.063ms
[460.294s][info][gc] GC(65) Pause Full (Allocation Failure) 12M->7M(15M) 21.367ms
[460.302s][info][gc] GC(66) Pause Young (Allocation Failure) 12M->12M(15M) 0.045ms
[460.323s][info][gc] GC(67) Pause Full (Allocation Failure) 12M->6M(15M) 21.020ms
[460.334s][info][gc] GC(68) Pause Young (Allocation Failure) 11M->9M(15M) 4.338ms
[460.341s][info][gc] GC(69) Pause Young (Allocation Failure) 13M->13M(15M) 0.039ms
[460.365s][info][gc] GC(70) Pause Full (Allocation Failure) 13M->8M(15M) 23.701ms
[460.372s][info][gc] GC(71) Pause Young (Allocation Failure) 12M->12M(15M) 0.062ms
[460.394s][info][gc] GC(72) Pause Full (Allocation Failure) 12M->8M(15M) 21.879ms
[460.402s][info][gc] GC(73) Pause Young (Allocation Failure) 12M->12M(15M) 0.053ms
[460.425s][info][gc] GC(74) Pause Full (Allocation Failure) 12M->7M(15M) 22.902ms
[460.432s][info][gc] GC(75) Pause Young (Allocation Failure) 11M->11M(15M) 0.058ms
[460.453s][info][gc] GC(76) Pause Full (Allocation Failure) 11M->6M(15M) 21.025ms
[460.465s][info][gc] GC(77) Pause Young (Allocation Failure) 10M->9M(15M) 4.521ms
[460.472s][info][gc] GC(78) Pause Young (Allocation Failure) 13M->13M(15M) 0.052ms
[460.495s][info][gc] GC(79) Pause Full (Allocation Failure) 13M->7M(15M) 22.597ms
[460.503s][info][gc] GC(80) Pause Young (Allocation Failure) 12M->12M(15M) 0.058ms
[460.523s][info][gc] GC(81) Pause Full (Allocation Failure) 12M->7M(15M) 20.323ms
[488.636s][info][gc] GC(82) Pause Young (Allocation Failure) 11M->11M(15M) 0.110ms
[488.656s][info][gc] GC(83) Pause Full (Allocation Failure) 11M->5M(15M) 19.898ms
