[0.063s][info][gc] Using Serial
[3.018s][info][gc] GC(0) Pause Young (Allocation Failure) 4M->2M(15M) 13.692ms
[3.237s][info][gc] GC(1) Pause Young (Allocation Failure) 6M->2M(15M) 6.203ms
[3.453s][info][gc] GC(2) Pause Young (Allocation Failure) 7M->4M(15M) 6.217ms
[3.883s][info][gc] GC(3) Pause Young (Allocation Failure) 8M->4M(15M) 3.598ms
[4.494s][info][gc] GC(4) Pause Young (Allocation Failure) 8M->5M(15M) 4.876ms
[19.705s][info][gc] GC(5) Pause Young (Allocation Failure) 9M->5M(15M) 5.139ms
[49.569s][info][gc] GC(6) Pause Young (Allocation Failure) 9M->5M(15M) 2.306ms
[49.593s][info][gc] GC(7) Pause Young (Allocation Failure) 10M->5M(15M) 0.743ms
[49.608s][info][gc] GC(8) Pause Young (Allocation Failure) 10M->5M(15M) 0.613ms
[49.621s][info][gc] GC(9) Pause Young (Allocation Failure) 10M->5M(15M) 0.653ms
[49.640s][info][gc] GC(10) Pause Young (Allocation Failure) 10M->5M(15M) 0.712ms
[49.652s][info][gc] GC(11) Pause Young (Allocation Failure) 10M->5M(15M) 0.879ms
[80.766s][info][gc] GC(12) Pause Young (Allocation Failure) 10M->5M(15M) 2.636ms
[125.862s][info][gc] GC(13) Pause Young (Allocation Failure) 10M->5M(15M) 0.999ms
[142.098s][info][gc] GC(14) Pause Young (Allocation Failure) 10M->5M(15M) 1.167ms
[142.112s][info][gc] GC(15) Pause Young (Allocation Failure) 10M->5M(15M) 0.712ms
[142.125s][info][gc] GC(16) Pause Young (Allocation Failure) 10M->5M(15M) 0.791ms
[142.134s][info][gc] GC(17) Pause Young (Allocation Failure) 10M->5M(15M) 0.739ms
[142.142s][info][gc] GC(18) Pause Young (Allocation Failure) 10M->5M(15M) 0.758ms
[145.848s][info][gc] GC(19) Pause Young (Allocation Failure) 10M->5M(15M) 2.388ms
[192.882s][info][gc] GC(20) Pause Young (Allocation Failure) 10M->5M(15M) 2.719ms
[238.915s][info][gc] GC(21) Pause Young (Allocation Failure) 10M->5M(15M) 0.956ms
[284.952s][info][gc] GC(22) Pause Young (Allocation Failure) 10M->5M(15M) 0.717ms
[329.990s][info][gc] GC(23) Pause Young (Allocation Failure) 10M->5M(15M) 1.187ms
